◇ injected env (2) from ..\..\.env // tip: ⌘ suppress logs { quiet: true }
[11:52:58.140] [32mINFO[39m (3356): [36mServer listening[39m
    [35mport[39m: 8099
[11:54:24.106] [32mINFO[39m (3356): [36mrequest completed[39m
    [35mreq[39m: {
      "id": 1,
      "method": "POST",
      "url": "/api/assistant/chat"
    }
    [35mres[39m: {
      "statusCode": 200
    }
    [35mresponseTime[39m: 66424
[12:02:33.244] [32mINFO[39m (3356): [36mrequest aborted[39m
    [35mreq[39m: {
      "id": 6,
      "method": "GET",
      "url": "/api/profiles/14/targets"
    }
    [35mres[39m: {
      "statusCode": null
    }
    [35mresponseTime[39m: 5835
[12:02:33.246] [32mINFO[39m (3356): [36mrequest aborted[39m
    [35mreq[39m: {
      "id": 4,
      "method": "GET",
      "url": "/api/profiles/14/daily-summary"
    }
    [35mres[39m: {
      "statusCode": null
    }
    [35mresponseTime[39m: 5841
[12:02:33.246] [32mINFO[39m (3356): [36mrequest aborted[39m
    [35mreq[39m: {
      "id": 3,
      "method": "GET",
      "url": "/api/profiles/14"
    }
    [35mres[39m: {
      "statusCode": null
    }
    [35mresponseTime[39m: 5843
[12:02:33.246] [32mINFO[39m (3356): [36mrequest aborted[39m
    [35mreq[39m: {
      "id": 2,
      "method": "GET",
      "url": "/api/profiles/14/dashboard"
    }
    [35mres[39m: {
      "statusCode": null
    }
    [35mresponseTime[39m: 5847
[12:02:33.247] [32mINFO[39m (3356): [36mrequest aborted[39m
    [35mreq[39m: {
      "id": 5,
      "method": "GET",
      "url": "/api/profiles/14/recovery-plan"
    }
    [35mres[39m: {
      "statusCode": null
    }
    [35mresponseTime[39m: 5841
[12:03:47.873] [32mINFO[39m (3356): [36mrequest completed[39m
    [35mreq[39m: {
      "id": 8,
      "method": "GET",
      "url": "/api/profiles/14"
    }
    [35mres[39m: {
      "statusCode": 200
    }
    [35mresponseTime[39m: 73923
[12:03:59.598] [32mINFO[39m (3356): [36mrequest completed[39m
    [35mreq[39m: {
      "id": 7,
      "method": "GET",
      "url": "/api/profiles/14/dashboard"
    }
    [35mres[39m: {
      "statusCode": 200
    }
    [35mresponseTime[39m: 85649
[12:04:07.332] [32mINFO[39m (3356): [36mrequest errored[39m
    [35mreq[39m: {
      "id": 10,
      "method": "GET",
      "url": "/api/profiles/14/recovery-plan"
    }
    [35mres[39m: {
      "statusCode": 500
    }
    [35mresponseTime[39m: 93294
    err: {
      "type": "Error",
      "message": "failed with status code 500",
      "stack":
          Error: failed with status code 500
              at onResFinished (C:\Users\Abhinaya Doma\OneDrive\Desktop\N-REV-main\node_modules\.pnpm\pino-http@10.5.0\node_modules\pino-http\logger.js:115:39)
              at ServerResponse.onResponseComplete (C:\Users\Abhinaya Doma\OneDrive\Desktop\N-REV-main\node_modules\.pnpm\pino-http@10.5.0\node_modules\pino-http\logger.js:178:14)
              at ServerResponse.emit (node:events:521:24)
              at onFinish (node:_http_outgoing:1031:10)
              at callback (node:internal/streams/writable:764:21)
              at afterWrite (node:internal/streams/writable:708:5)
              at afterWriteTick (node:internal/streams/writable:694:10)
              at process.processTicksAndRejections (node:internal/process/task_queues:89:21)
    }
[12:04:24.094] [32mINFO[39m (3356): [36mrequest completed[39m
    [35mreq[39m: {
      "id": 11,
      "method": "GET",
      "url": "/api/profiles/14/targets"
    }
    [35mres[39m: {
      "statusCode": 200
    }
    [35mresponseTime[39m: 110053
[12:04:43.706] [32mINFO[39m (3356): [36mrequest completed[39m
    [35mreq[39m: {
      "id": 9,
      "method": "GET",
      "url": "/api/profiles/14/daily-summary"
    }
    [35mres[39m: {
      "statusCode": 200
    }
    [35mresponseTime[39m: 129674
[13:45:27.106] [32mINFO[39m (3356): [36mrequest completed[39m
    [35mreq[39m: {
      "id": 12,
      "method": "GET",
      "url": "/api/profiles/14/recovery-plan"
    }
    [35mres[39m: {
      "statusCode": 200
    }
    [35mresponseTime[39m: 73430
[14:30:35.449] [32mINFO[39m (3356): [36mrequest errored[39m
    [35mreq[39m: {
      "id": 14,
      "method": "GET",
      "url": "/api/profiles/14"
    }
    [35mres[39m: {
      "statusCode": 500
    }
    [35mresponseTime[39m: 18155
    err: {
      "type": "Error",
      "message": "failed with status code 500",
      "stack":
          Error: failed with status code 500
              at onResFinished (C:\Users\Abhinaya Doma\OneDrive\Desktop\N-REV-main\node_modules\.pnpm\pino-http@10.5.0\node_modules\pino-http\logger.js:115:39)
              at ServerResponse.onResponseComplete (C:\Users\Abhinaya Doma\OneDrive\Desktop\N-REV-main\node_modules\.pnpm\pino-http@10.5.0\node_modules\pino-http\logger.js:178:14)
              at ServerResponse.emit (node:events:521:24)
              at onFinish (node:_http_outgoing:1031:10)
              at callback (node:internal/streams/writable:764:21)
              at afterWrite (node:internal/streams/writable:708:5)
              at afterWriteTick (node:internal/streams/writable:694:10)
              at processTicksAndRejections (node:internal/process/task_queues:89:21)
              at runNextTicks (node:internal/process/task_queues:69:3)
              at process.processImmediate (node:internal/timers:472:9)
    }
[14:30:36.506] [32mINFO[39m (3356): [36mrequest errored[39m
    [35mreq[39m: {
      "id": 16,
      "method": "GET",
      "url": "/api/profiles/14/recovery-plan"
    }
    [35mres[39m: {
      "statusCode": 500
    }
    [35mresponseTime[39m: 18927
    err: {
      "type": "Error",
      "message": "failed with status code 500",
      "stack":
          Error: failed with status code 500
              at onResFinished (C:\Users\Abhinaya Doma\OneDrive\Desktop\N-REV-main\node_modules\.pnpm\pino-http@10.5.0\node_modules\pino-http\logger.js:115:39)
              at ServerResponse.onResponseComplete (C:\Users\Abhinaya Doma\OneDrive\Desktop\N-REV-main\node_modules\.pnpm\pino-http@10.5.0\node_modules\pino-http\logger.js:178:14)
              at ServerResponse.emit (node:events:521:24)
              at onFinish (node:_http_outgoing:1031:10)
              at callback (node:internal/streams/writable:764:21)
              at afterWrite (node:internal/streams/writable:708:5)
              at afterWriteTick (node:internal/streams/writable:694:10)
              at processTicksAndRejections (node:internal/process/task_queues:89:21)
              at runNextTicks (node:internal/process/task_queues:69:3)
              at process.processImmediate (node:internal/timers:472:9)
    }
[14:30:36.900] [32mINFO[39m (3356): [36mrequest errored[39m
    [35mreq[39m: {
      "id": 17,
      "method": "GET",
      "url": "/api/profiles/14/targets"
    }
    [35mres[39m: {
      "statusCode": 500
    }
    [35mresponseTime[39m: 19319
    err: {
      "type": "Error",
      "message": "failed with status code 500",
      "stack":
          Error: failed with status code 500
              at onResFinished (C:\Users\Abhinaya Doma\OneDrive\Desktop\N-REV-main\node_modules\.pnpm\pino-http@10.5.0\node_modules\pino-http\logger.js:115:39)
              at ServerResponse.onResponseComplete (C:\Users\Abhinaya Doma\OneDrive\Desktop\N-REV-main\node_modules\.pnpm\pino-http@10.5.0\node_modules\pino-http\logger.js:178:14)
              at ServerResponse.emit (node:events:521:24)
              at onFinish (node:_http_outgoing:1031:10)
              at callback (node:internal/streams/writable:764:21)
              at afterWrite (node:internal/streams/writable:708:5)
              at afterWriteTick (node:internal/streams/writable:694:10)
              at process.processTicksAndRejections (node:internal/process/task_queues:89:21)
    }
[14:30:37.480] [32mINFO[39m (3356): [36mrequest errored[39m
    [35mreq[39m: {
      "id": 13,
      "method": "GET",
      "url": "/api/profiles/14/dashboard"
    }
    [35mres[39m: {
      "statusCode": 500
    }
    [35mresponseTime[39m: 20199
    err: {
      "type": "Error",
      "message": "failed with status code 500",
      "stack":
          Error: failed with status code 500
              at onResFinished (C:\Users\Abhinaya Doma\OneDrive\Desktop\N-REV-main\node_modules\.pnpm\pino-http@10.5.0\node_modules\pino-http\logger.js:115:39)
              at ServerResponse.onResponseComplete (C:\Users\Abhinaya Doma\OneDrive\Desktop\N-REV-main\node_modules\.pnpm\pino-http@10.5.0\node_modules\pino-http\logger.js:178:14)
              at ServerResponse.emit (node:events:521:24)
              at onFinish (node:_http_outgoing:1031:10)
              at callback (node:internal/streams/writable:764:21)
              at afterWrite (node:internal/streams/writable:708:5)
              at afterWriteTick (node:internal/streams/writable:694:10)
              at process.processTicksAndRejections (node:internal/process/task_queues:89:21)
    }
[14:31:49.111] [32mINFO[39m (3356): [36mrequest completed[39m
    [35mreq[39m: {
      "id": 15,
      "method": "GET",
      "url": "/api/profiles/14/daily-summary"
    }
    [35mres[39m: {
      "statusCode": 304
    }
    [35mresponseTime[39m: 91816
[14:36:10.886] [32mINFO[39m (3356): [36mrequest errored[39m
    [35mreq[39m: {
      "id": 18,
      "method": "GET",
      "url": "/api/profiles/14/daily-summary"
    }
    [35mres[39m: {
      "statusCode": 500
    }
    [35mresponseTime[39m: 11231
    err: {
      "type": "Error",
      "message": "failed with status code 500",
      "stack":
          Error: failed with status code 500
              at onResFinished (C:\Users\Abhinaya Doma\OneDrive\Desktop\N-REV-main\node_modules\.pnpm\pino-http@10.5.0\node_modules\pino-http\logger.js:115:39)
              at ServerResponse.onResponseComplete (C:\Users\Abhinaya Doma\OneDrive\Desktop\N-REV-main\node_modules\.pnpm\pino-http@10.5.0\node_modules\pino-http\logger.js:178:14)
              at ServerResponse.emit (node:events:521:24)
              at onFinish (node:_http_outgoing:1031:10)
              at callback (node:internal/streams/writable:764:21)
              at afterWrite (node:internal/streams/writable:708:5)
              at afterWriteTick (node:internal/streams/writable:694:10)
              at process.processTicksAndRejections (node:internal/process/task_queues:89:21)
    }
[14:50:17.246] [32mINFO[39m (3356): [36mrequest completed[39m
    [35mreq[39m: {
      "id": 23,
      "method": "GET",
      "url": "/api/profiles/14/targets"
    }
    [35mres[39m: {
      "statusCode": 200
    }
    [35mresponseTime[39m: 8594
[14:50:19.766] [32mINFO[39m (3356): [36mrequest completed[39m
    [35mreq[39m: {
      "id": 20,
      "method": "GET",
      "url": "/api/profiles/14"
    }
    [35mres[39m: {
      "statusCode": 200
    }
    [35mresponseTime[39m: 11425
[14:50:38.061] [32mINFO[39m (3356): [36mrequest completed[39m
    [35mreq[39m: {
      "id": 22,
      "method": "GET",
      "url": "/api/profiles/14/recovery-plan"
    }
    [35mres[39m: {
      "statusCode": 200
    }
    [35mresponseTime[39m: 29411
[14:50:41.080] [32mINFO[39m (3356): [36mrequest completed[39m
    [35mreq[39m: {
      "id": 19,
      "method": "GET",
      "url": "/api/profiles/14/dashboard"
    }
    [35mres[39m: {
      "statusCode": 200
    }
    [35mresponseTime[39m: 32741
[14:50:45.374] [32mINFO[39m (3356): [36mrequest completed[39m
    [35mreq[39m: {
      "id": 21,
      "method": "GET",
      "url": "/api/profiles/14/daily-summary"
    }
    [35mres[39m: {
      "statusCode": 200
    }
    [35mresponseTime[39m: 37032
[15:39:13.271] [32mINFO[39m (3356): [36mrequest aborted[39m
    [35mreq[39m: {
      "id": 25,
      "method": "GET",
      "url": "/api/profiles/14/dashboard"
    }
    [35mres[39m: {
      "statusCode": null
    }
    [35mresponseTime[39m: 1242
[15:39:13.275] [32mINFO[39m (3356): [36mrequest aborted[39m
    [35mreq[39m: {
      "id": 27,
      "method": "GET",
      "url": "/api/profiles/14"
    }
    [35mres[39m: {
      "statusCode": null
    }
    [35mresponseTime[39m: 1238
[15:39:13.276] [32mINFO[39m (3356): [36mrequest aborted[39m
    [35mreq[39m: {
      "id": 28,
      "method": "GET",
      "url": "/api/profiles/14/daily-summary"
    }
    [35mres[39m: {
      "statusCode": null
    }
    [35mresponseTime[39m: 1236
[15:39:13.277] [32mINFO[39m (3356): [36mrequest aborted[39m
    [35mreq[39m: {
      "id": 26,
      "method": "GET",
      "url": "/api/profiles/14/recovery-plan"
    }
    [35mres[39m: {
      "statusCode": null
    }
    [35mresponseTime[39m: 1243
[15:39:13.278] [32mINFO[39m (3356): [36mrequest aborted[39m
    [35mreq[39m: {
      "id": 24,
      "method": "GET",
      "url": "/api/profiles/14/targets"
    }
    [35mres[39m: {
      "statusCode": null
    }
    [35mresponseTime[39m: 1277
[15:40:07.598] [32mINFO[39m (3356): [36mrequest aborted[39m
    [35mreq[39m: {
      "id": 32,
      "method": "GET",
      "url": "/api/profiles/14/recovery-plan"
    }
    [35mres[39m: {
      "statusCode": null
    }
    [35mresponseTime[39m: 53434
[15:40:07.602] [32mINFO[39m (3356): [36mrequest aborted[39m
    [35mreq[39m: {
      "id": 30,
      "method": "GET",
      "url": "/api/profiles/14"
    }
    [35mres[39m: {
      "statusCode": null
    }
    [35mresponseTime[39m: 53451
[15:40:07.603] [32mINFO[39m (3356): [36mrequest aborted[39m
    [35mreq[39m: {
      "id": 29,
      "method": "GET",
      "url": "/api/profiles/14/dashboard"
    }
    [35mres[39m: {
      "statusCode": null
    }
    [35mresponseTime[39m: 53482
[15:40:07.603] [32mINFO[39m (3356): [36mrequest aborted[39m
    [35mreq[39m: {
      "id": 31,
      "method": "GET",
      "url": "/api/profiles/14/daily-summary"
    }
    [35mres[39m: {
      "statusCode": null
    }
    [35mresponseTime[39m: 53449
[15:40:07.604] [32mINFO[39m (3356): [36mrequest aborted[39m
    [35mreq[39m: {
      "id": 33,
      "method": "GET",
      "url": "/api/profiles/14/targets"
    }
    [35mres[39m: {
      "statusCode": null
    }
    [35mresponseTime[39m: 53434
[15:41:27.360] [32mINFO[39m (3356): [36mrequest completed[39m
    [35mreq[39m: {
      "id": 35,
      "method": "GET",
      "url": "/api/profiles/14"
    }
    [35mres[39m: {
      "statusCode": 200
    }
    [35mresponseTime[39m: 79290
[15:41:31.494] [32mINFO[39m (3356): [36mrequest completed[39m
    [35mreq[39m: {
      "id": 38,
      "method": "GET",
      "url": "/api/profiles/14/targets"
    }
    [35mres[39m: {
      "statusCode": 200
    }
    [35mresponseTime[39m: 83341
[15:41:35.948] [32mINFO[39m (3356): [36mrequest completed[39m
    [35mreq[39m: {
      "id": 34,
      "method": "GET",
      "url": "/api/profiles/14/dashboard"
    }
    [35mres[39m: {
      "statusCode": 200
    }
    [35mresponseTime[39m: 87881
[15:42:09.793] [32mINFO[39m (3356): [36mrequest completed[39m
    [35mreq[39m: {
      "id": 37,
      "method": "GET",
      "url": "/api/profiles/14/recovery-plan"
    }
    [35mres[39m: {
      "statusCode": 200
    }
    [35mresponseTime[39m: 121641
[15:42:14.175] [32mINFO[39m (3356): [36mrequest completed[39m
    [35mreq[39m: {
      "id": 36,
      "method": "GET",
      "url": "/api/profiles/14/daily-summary"
    }
    [35mres[39m: {
      "statusCode": 200
    }
    [35mresponseTime[39m: 126025
[15:45:19.669] [32mINFO[39m (3356): [36mrequest completed[39m
    [35mreq[39m: {
      "id": 43,
      "method": "GET",
      "url": "/api/profiles/14/targets"
    }
    [35mres[39m: {
      "statusCode": 304
    }
    [35mresponseTime[39m: 12619
[15:45:24.898] [32mINFO[39m (3356): [36mrequest completed[39m
    [35mreq[39m: {
      "id": 39,
      "method": "GET",
      "url": "/api/profiles/14/dashboard"
    }
    [35mres[39m: {
      "statusCode": 304
    }
    [35mresponseTime[39m: 17863
[15:45:30.698] [32mINFO[39m (3356): [36mrequest completed[39m
    [35mreq[39m: {
      "id": 40,
      "method": "GET",
      "url": "/api/profiles/14"
    }
    [35mres[39m: {
      "statusCode": 304
    }
    [35mresponseTime[39m: 23658
[15:46:22.931] [32mINFO[39m (3356): [36mrequest completed[39m
    [35mreq[39m: {
      "id": 42,
      "method": "GET",
      "url": "/api/profiles/14/recovery-plan"
    }
    [35mres[39m: {
      "statusCode": 304
    }
    [35mresponseTime[39m: 75883
[15:46:28.739] [32mINFO[39m (3356): [36mrequest completed[39m
    [35mreq[39m: {
      "id": 41,
      "method": "GET",
      "url": "/api/profiles/14/daily-summary"
    }
    [35mres[39m: {
      "statusCode": 304
    }
    [35mresponseTime[39m: 81695
[15:46:38.179] [32mINFO[39m (3356): [36mrequest completed[39m
    [35mreq[39m: {
      "id": 46,
      "method": "GET",
      "url": "/api/profiles/14"
    }
    [35mres[39m: {
      "statusCode": 304
    }
    [35mresponseTime[39m: 14799
[15:46:44.068] [32mINFO[39m (3356): [36mrequest completed[39m
    [35mreq[39m: {
      "id": 47,
      "method": "GET",
      "url": "/api/profiles/14/targets"
    }
    [35mres[39m: {
      "statusCode": 304
    }
    [35mresponseTime[39m: 20686
[15:47:35.097] [32mINFO[39m (3356): [36mrequest completed[39m
    [35mreq[39m: {
      "id": 44,
      "method": "POST",
      "url": "/api/assistant/chat"
    }
    [35mres[39m: {
      "statusCode": 200
    }
    [35mresponseTime[39m: 71742
[15:47:35.516] [32mINFO[39m (3356): [36mrequest aborted[39m
    [35mreq[39m: {
      "id": 55,
      "method": "GET",
      "url": "/api/profiles/14/daily-summary"
    }
    [35mres[39m: {
      "statusCode": null
    }
    [35mresponseTime[39m: 9
[15:47:35.517] [32mINFO[39m (3356): [36mrequest aborted[39m
    [35mreq[39m: {
      "id": 54,
      "method": "GET",
      "url": "/api/profiles/14"
    }
    [35mres[39m: {
      "statusCode": null
    }
    [35mresponseTime[39m: 11
[15:47:35.517] [32mINFO[39m (3356): [36mrequest aborted[39m
    [35mreq[39m: {
      "id": 53,
      "method": "GET",
      "url": "/api/profiles/14/dashboard"
    }
    [35mres[39m: {
      "statusCode": null
    }
    [35mresponseTime[39m: 14
[15:47:35.517] [32mINFO[39m (3356): [36mrequest aborted[39m
    [35mreq[39m: {
      "id": 52,
      "method": "GET",
      "url": "/api/profiles/14/suggestions"
    }
    [35mres[39m: {
      "statusCode": null
    }
    [35mresponseTime[39m: 19
[15:47:35.518] [32mINFO[39m (3356): [36mrequest aborted[39m
    [35mreq[39m: {
      "id": 51,
      "method": "GET",
      "url": "/api/profiles/14/targets"
    }
    [35mres[39m: {
      "statusCode": null
    }
    [35mresponseTime[39m: 22
[15:47:35.518] [32mINFO[39m (3356): [36mrequest aborted[39m
    [35mreq[39m: {
      "id": 50,
      "method": "GET",
      "url": "/api/profiles/14/recovery-plan"
    }
    [35mres[39m: {
      "statusCode": null
    }
    [35mresponseTime[39m: 25
[15:47:35.518] [32mINFO[39m (3356): [36mrequest aborted[39m
    [35mreq[39m: {
      "id": 49,
      "method": "GET",
      "url": "/api/profiles/14/daily-summary"
    }
    [35mres[39m: {
      "statusCode": null
    }
    [35mresponseTime[39m: 27
[15:47:35.518] [32mINFO[39m (3356): [36mrequest aborted[39m
    [35mreq[39m: {
      "id": 48,
      "method": "GET",
      "url": "/api/profiles/14"
    }
    [35mres[39m: {
      "statusCode": null
    }
    [35mresponseTime[39m: 30
[15:47:35.518] [32mINFO[39m (3356): [36mrequest aborted[39m
    [35mreq[39m: {
      "id": 45,
      "method": "GET",
      "url": "/api/profiles/14/dashboard"
    }
    [35mres[39m: {
      "statusCode": null
    }
    [35mresponseTime[39m: 72141
[15:48:07.964] [32mINFO[39m (3356): [36mrequest completed[39m
    [35mreq[39m: {
      "id": 57,
      "method": "GET",
      "url": "/api/profiles/14/recovery-plan"
    }
    [35mres[39m: {
      "statusCode": 200
    }
    [35mresponseTime[39m: 32453
[15:48:08.930] [32mINFO[39m (3356): [36mrequest completed[39m
    [35mreq[39m: {
      "id": 58,
      "method": "GET",
      "url": "/api/healthz"
    }
    [35mres[39m: {
      "statusCode": 200
    }
    [35mresponseTime[39m: 9
[15:48:23.474] [32mINFO[39m (3356): [36mrequest completed[39m
    [35mreq[39m: {
      "id": 59,
      "method": "POST",
      "url": "/api/assistant/chat"
    }
    [35mres[39m: {
      "statusCode": 400
    }
    [35mresponseTime[39m: 1
[15:48:53.692] [32mINFO[39m (3356): [36mrequest errored[39m
    [35mreq[39m: {
      "id": 56,
      "method": "GET",
      "url": "/api/profiles/14/targets"
    }
    [35mres[39m: {
      "statusCode": 500
    }
    [35mresponseTime[39m: 78180
    err: {
      "type": "Error",
      "message": "failed with status code 500",
      "stack":
          Error: failed with status code 500
              at onResFinished (C:\Users\Abhinaya Doma\OneDrive\Desktop\N-REV-main\node_modules\.pnpm\pino-http@10.5.0\node_modules\pino-http\logger.js:115:39)
              at ServerResponse.onResponseComplete (C:\Users\Abhinaya Doma\OneDrive\Desktop\N-REV-main\node_modules\.pnpm\pino-http@10.5.0\node_modules\pino-http\logger.js:178:14)
              at ServerResponse.emit (node:events:521:24)
              at onFinish (node:_http_outgoing:1031:10)
              at callback (node:internal/streams/writable:764:21)
              at afterWrite (node:internal/streams/writable:708:5)
              at afterWriteTick (node:internal/streams/writable:694:10)
              at process.processTicksAndRejections (node:internal/process/task_queues:89:21)
    }
