◇ injected env (1) from ..\..\.env // tip: ◈ secrets for agents [www.dotenvx.com]
[17:48:46.113] [32mINFO[39m (17880): [36mServer listening[39m
    [35mport[39m: 8099
[17:49:10.218] [32mINFO[39m (17880): [36mrequest completed[39m
    [35mreq[39m: {
      "id": 1,
      "method": "GET",
      "url": "/api/profiles/14/targets"
    }
    [35mres[39m: {
      "statusCode": 200
    }
    [35mresponseTime[39m: 12216
[17:49:53.695] [32mINFO[39m (17880): [36mrequest completed[39m
    [35mreq[39m: {
      "id": 2,
      "method": "GET",
      "url": "/api/profiles/14/recovery-plan"
    }
    [35mres[39m: {
      "statusCode": 200
    }
    [35mresponseTime[39m: 43330
[17:52:10.687] [32mINFO[39m (17880): [36mrequest completed[39m
    [35mreq[39m: {
      "id": 3,
      "method": "GET",
      "url": "/api/profiles/14/dashboard"
    }
    [35mres[39m: {
      "statusCode": 200
    }
    [35mresponseTime[39m: 15683
[17:52:31.064] [32mINFO[39m (17880): [36mrequest completed[39m
    [35mreq[39m: {
      "id": 4,
      "method": "GET",
      "url": "/api/profiles/14"
    }
    [35mres[39m: {
      "statusCode": 200
    }
    [35mresponseTime[39m: 36019
[17:52:39.588] [32mINFO[39m (17880): [36mrequest completed[39m
    [35mreq[39m: {
      "id": 6,
      "method": "GET",
      "url": "/api/profiles/14/suggestions"
    }
    [35mres[39m: {
      "statusCode": 200
    }
    [35mresponseTime[39m: 44524
[17:53:04.737] [32mINFO[39m (17880): [36mrequest completed[39m
    [35mreq[39m: {
      "id": 5,
      "method": "GET",
      "url": "/api/profiles/14/daily-summary"
    }
    [35mres[39m: {
      "statusCode": 200
    }
    [35mresponseTime[39m: 69682
[17:57:31.957] [32mINFO[39m (17880): [36mrequest completed[39m
    [35mreq[39m: {
      "id": 8,
      "method": "GET",
      "url": "/api/profiles/14"
    }
    [35mres[39m: {
      "statusCode": 304
    }
    [35mresponseTime[39m: 21341
[17:57:34.149] [32mINFO[39m (17880): [36mrequest aborted[39m
    [35mreq[39m: {
      "id": 14,
      "method": "GET",
      "url": "/api/profiles/14/suggestions"
    }
    [35mres[39m: {
      "statusCode": null
    }
    [35mresponseTime[39m: 38
[17:57:34.150] [32mINFO[39m (17880): [36mrequest aborted[39m
    [35mreq[39m: {
      "id": 13,
      "method": "GET",
      "url": "/api/profiles/14/daily-summary"
    }
    [35mres[39m: {
      "statusCode": null
    }
    [35mresponseTime[39m: 59
[17:57:34.152] [32mINFO[39m (17880): [36mrequest aborted[39m
    [35mreq[39m: {
      "id": 12,
      "method": "GET",
      "url": "/api/profiles/14"
    }
    [35mres[39m: {
      "statusCode": null
    }
    [35mresponseTime[39m: 68
[17:57:34.153] [32mINFO[39m (17880): [36mrequest aborted[39m
    [35mreq[39m: {
      "id": 11,
      "method": "GET",
      "url": "/api/profiles/14/dashboard"
    }
    [35mres[39m: {
      "statusCode": null
    }
    [35mresponseTime[39m: 80
[17:57:34.153] [32mINFO[39m (17880): [36mrequest aborted[39m
    [35mreq[39m: {
      "id": 9,
      "method": "GET",
      "url": "/api/profiles/14/daily-summary"
    }
    [35mres[39m: {
      "statusCode": null
    }
    [35mresponseTime[39m: 23520
[17:57:34.154] [32mINFO[39m (17880): [36mrequest aborted[39m
    [35mreq[39m: {
      "id": 10,
      "method": "GET",
      "url": "/api/profiles/14/suggestions"
    }
    [35mres[39m: {
      "statusCode": null
    }
    [35mresponseTime[39m: 23515
[17:57:34.154] [32mINFO[39m (17880): [36mrequest aborted[39m
    [35mreq[39m: {
      "id": 7,
      "method": "GET",
      "url": "/api/profiles/14/dashboard"
    }
    [35mres[39m: {
      "statusCode": null
    }
    [35mresponseTime[39m: 23582
[17:58:03.974] [32mINFO[39m (17880): [36mrequest aborted[39m
    [35mreq[39m: {
      "id": 15,
      "method": "GET",
      "url": "/api/profiles/14/recovery-plan"
    }
    [35mres[39m: {
      "statusCode": null
    }
    [35mresponseTime[39m: 29849
[17:58:03.975] [32mINFO[39m (17880): [36mrequest aborted[39m
    [35mreq[39m: {
      "id": 16,
      "method": "GET",
      "url": "/api/profiles/14/targets"
    }
    [35mres[39m: {
      "statusCode": null
    }
    [35mresponseTime[39m: 29841
[17:58:58.290] [32mINFO[39m (17880): [36mrequest completed[39m
    [35mreq[39m: {
      "id": 17,
      "method": "GET",
      "url": "/api/profiles/14/dashboard"
    }
    [35mres[39m: {
      "statusCode": 200
    }
    [35mresponseTime[39m: 54402
[17:58:58.306] [32mINFO[39m (17880): [36mrequest errored[39m
    [35mreq[39m: {
      "id": 19,
      "method": "GET",
      "url": "/api/profiles/14/daily-summary"
    }
    [35mres[39m: {
      "statusCode": 500
    }
    [35mresponseTime[39m: 54375
    err: {
      "type": "Error",
      "message": "failed with status code 500",
      "stack":
          Error: failed with status code 500
              at onResFinished (file:///C:/Users/Abhinaya%20Doma/OneDrive/Desktop/N-REV-main/artifacts/api-server/dist/index.mjs:28797:45)
              at ServerResponse.onResponseComplete (file:///C:/Users/Abhinaya%20Doma/OneDrive/Desktop/N-REV-main/artifacts/api-server/dist/index.mjs:28847:18)
              at ServerResponse.emit (node:events:521:24)
              at onFinish (node:_http_outgoing:1031:10)
              at callback (node:internal/streams/writable:764:21)
              at afterWrite (node:internal/streams/writable:708:5)
              at afterWriteTick (node:internal/streams/writable:694:10)
              at processTicksAndRejections (node:internal/process/task_queues:89:21)
              at runNextTicks (node:internal/process/task_queues:69:3)
              at process.processImmediate (node:internal/timers:472:9)
    }
[17:58:58.347] [32mINFO[39m (17880): [36mrequest errored[39m
    [35mreq[39m: {
      "id": 18,
      "method": "GET",
      "url": "/api/profiles/14"
    }
    [35mres[39m: {
      "statusCode": 500
    }
    [35mresponseTime[39m: 54440
    err: {
      "type": "Error",
      "message": "failed with status code 500",
      "stack":
          Error: failed with status code 500
              at onResFinished (file:///C:/Users/Abhinaya%20Doma/OneDrive/Desktop/N-REV-main/artifacts/api-server/dist/index.mjs:28797:45)
              at ServerResponse.onResponseComplete (file:///C:/Users/Abhinaya%20Doma/OneDrive/Desktop/N-REV-main/artifacts/api-server/dist/index.mjs:28847:18)
              at ServerResponse.emit (node:events:521:24)
              at onFinish (node:_http_outgoing:1031:10)
              at callback (node:internal/streams/writable:764:21)
              at afterWrite (node:internal/streams/writable:708:5)
              at afterWriteTick (node:internal/streams/writable:694:10)
              at processTicksAndRejections (node:internal/process/task_queues:89:21)
              at runNextTicks (node:internal/process/task_queues:69:3)
              at process.processImmediate (node:internal/timers:472:9)
    }
[17:58:58.386] [32mINFO[39m (17880): [36mrequest errored[39m
    [35mreq[39m: {
      "id": 20,
      "method": "GET",
      "url": "/api/profiles/14/suggestions"
    }
    [35mres[39m: {
      "statusCode": 500
    }
    [35mresponseTime[39m: 54446
    err: {
      "type": "Error",
      "message": "failed with status code 500",
      "stack":
          Error: failed with status code 500
              at onResFinished (file:///C:/Users/Abhinaya%20Doma/OneDrive/Desktop/N-REV-main/artifacts/api-server/dist/index.mjs:28797:45)
              at ServerResponse.onResponseComplete (file:///C:/Users/Abhinaya%20Doma/OneDrive/Desktop/N-REV-main/artifacts/api-server/dist/index.mjs:28847:18)
              at ServerResponse.emit (node:events:521:24)
              at onFinish (node:_http_outgoing:1031:10)
              at callback (node:internal/streams/writable:764:21)
              at afterWrite (node:internal/streams/writable:708:5)
              at afterWriteTick (node:internal/streams/writable:694:10)
              at processTicksAndRejections (node:internal/process/task_queues:89:21)
              at runNextTicks (node:internal/process/task_queues:69:3)
              at process.processImmediate (node:internal/timers:472:9)
    }
[18:00:26.893] [32mINFO[39m (17880): [36mrequest completed[39m
    [35mreq[39m: {
      "id": 22,
      "method": "GET",
      "url": "/api/profiles/14"
    }
    [35mres[39m: {
      "statusCode": 200
    }
    [35mresponseTime[39m: 34891
[18:00:44.397] [32mINFO[39m (17880): [36mrequest aborted[39m
    [35mreq[39m: {
      "id": 23,
      "method": "GET",
      "url": "/api/profiles/14/dashboard"
    }
    [35mres[39m: {
      "statusCode": null
    }
    [35mresponseTime[39m: 52295
[18:00:44.398] [32mINFO[39m (17880): [36mrequest aborted[39m
    [35mreq[39m: {
      "id": 24,
      "method": "GET",
      "url": "/api/profiles/14/suggestions"
    }
    [35mres[39m: {
      "statusCode": null
    }
    [35mresponseTime[39m: 52249
[18:00:44.399] [32mINFO[39m (17880): [36mrequest aborted[39m
    [35mreq[39m: {
      "id": 21,
      "method": "GET",
      "url": "/api/profiles/14/daily-summary"
    }
    [35mres[39m: {
      "statusCode": null
    }
    [35mresponseTime[39m: 52608
[18:01:04.845] [32mINFO[39m (17880): [36mrequest errored[39m
    [35mreq[39m: {
      "id": 28,
      "method": "GET",
      "url": "/api/profiles/14"
    }
    [35mres[39m: {
      "statusCode": 500
    }
    [35mresponseTime[39m: 20526
    err: {
      "type": "Error",
      "message": "failed with status code 500",
      "stack":
          Error: failed with status code 500
              at onResFinished (file:///C:/Users/Abhinaya%20Doma/OneDrive/Desktop/N-REV-main/artifacts/api-server/dist/index.mjs:28797:45)
              at ServerResponse.onResponseComplete (file:///C:/Users/Abhinaya%20Doma/OneDrive/Desktop/N-REV-main/artifacts/api-server/dist/index.mjs:28847:18)
              at ServerResponse.emit (node:events:521:24)
              at onFinish (node:_http_outgoing:1031:10)
              at callback (node:internal/streams/writable:764:21)
              at afterWrite (node:internal/streams/writable:708:5)
              at afterWriteTick (node:internal/streams/writable:694:10)
              at processTicksAndRejections (node:internal/process/task_queues:89:21)
              at runNextTicks (node:internal/process/task_queues:69:3)
              at process.processImmediate (node:internal/timers:472:9)
    }
[18:01:04.848] [32mINFO[39m (17880): [36mrequest errored[39m
    [35mreq[39m: {
      "id": 26,
      "method": "GET",
      "url": "/api/profiles/14/daily-summary"
    }
    [35mres[39m: {
      "statusCode": 500
    }
    [35mresponseTime[39m: 20540
    err: {
      "type": "Error",
      "message": "failed with status code 500",
      "stack":
          Error: failed with status code 500
              at onResFinished (file:///C:/Users/Abhinaya%20Doma/OneDrive/Desktop/N-REV-main/artifacts/api-server/dist/index.mjs:28797:45)
              at ServerResponse.onResponseComplete (file:///C:/Users/Abhinaya%20Doma/OneDrive/Desktop/N-REV-main/artifacts/api-server/dist/index.mjs:28847:18)
              at ServerResponse.emit (node:events:521:24)
              at onFinish (node:_http_outgoing:1031:10)
              at callback (node:internal/streams/writable:764:21)
              at afterWrite (node:internal/streams/writable:708:5)
              at afterWriteTick (node:internal/streams/writable:694:10)
              at processTicksAndRejections (node:internal/process/task_queues:89:21)
              at runNextTicks (node:internal/process/task_queues:69:3)
              at process.processImmediate (node:internal/timers:472:9)
    }
[18:01:04.853] [32mINFO[39m (17880): [36mrequest errored[39m
    [35mreq[39m: {
      "id": 27,
      "method": "GET",
      "url": "/api/profiles/14/suggestions"
    }
    [35mres[39m: {
      "statusCode": 500
    }
    [35mresponseTime[39m: 20539
    err: {
      "type": "Error",
      "message": "failed with status code 500",
      "stack":
          Error: failed with status code 500
              at onResFinished (file:///C:/Users/Abhinaya%20Doma/OneDrive/Desktop/N-REV-main/artifacts/api-server/dist/index.mjs:28797:45)
              at ServerResponse.onResponseComplete (file:///C:/Users/Abhinaya%20Doma/OneDrive/Desktop/N-REV-main/artifacts/api-server/dist/index.mjs:28847:18)
              at ServerResponse.emit (node:events:521:24)
              at onFinish (node:_http_outgoing:1031:10)
              at callback (node:internal/streams/writable:764:21)
              at afterWrite (node:internal/streams/writable:708:5)
              at afterWriteTick (node:internal/streams/writable:694:10)
              at processTicksAndRejections (node:internal/process/task_queues:89:21)
              at runNextTicks (node:internal/process/task_queues:69:3)
              at process.processImmediate (node:internal/timers:472:9)
    }
[18:01:10.037] [32mINFO[39m (17880): [36mrequest errored[39m
    [35mreq[39m: {
      "id": 25,
      "method": "GET",
      "url": "/api/profiles/14/dashboard"
    }
    [35mres[39m: {
      "statusCode": 500
    }
    [35mresponseTime[39m: 25736
    err: {
      "type": "Error",
      "message": "failed with status code 500",
      "stack":
          Error: failed with status code 500
              at onResFinished (file:///C:/Users/Abhinaya%20Doma/OneDrive/Desktop/N-REV-main/artifacts/api-server/dist/index.mjs:28797:45)
              at ServerResponse.onResponseComplete (file:///C:/Users/Abhinaya%20Doma/OneDrive/Desktop/N-REV-main/artifacts/api-server/dist/index.mjs:28847:18)
              at ServerResponse.emit (node:events:521:24)
              at onFinish (node:_http_outgoing:1031:10)
              at callback (node:internal/streams/writable:764:21)
              at afterWrite (node:internal/streams/writable:708:5)
              at afterWriteTick (node:internal/streams/writable:694:10)
              at processTicksAndRejections (node:internal/process/task_queues:89:21)
              at runNextTicks (node:internal/process/task_queues:69:3)
              at process.processImmediate (node:internal/timers:472:9)
    }
[18:03:10.238] [32mINFO[39m (17880): [36mrequest aborted[39m
    [35mreq[39m: {
      "id": 32,
      "method": "GET",
      "url": "/api/profiles/14"
    }
    [35mres[39m: {
      "statusCode": 200
    }
    [35mresponseTime[39m: 22872
[18:03:10.239] [32mINFO[39m (17880): [36mrequest aborted[39m
    [35mreq[39m: {
      "id": 30,
      "method": "GET",
      "url": "/api/profiles/14/daily-summary"
    }
    [35mres[39m: {
      "statusCode": null
    }
    [35mresponseTime[39m: 23056
[18:03:10.239] [32mINFO[39m (17880): [36mrequest aborted[39m
    [35mreq[39m: {
      "id": 29,
      "method": "GET",
      "url": "/api/profiles/14/dashboard"
    }
    [35mres[39m: {
      "statusCode": null
    }
    [35mresponseTime[39m: 23086
[18:03:10.240] [32mINFO[39m (17880): [36mrequest aborted[39m
    [35mreq[39m: {
      "id": 31,
      "method": "GET",
      "url": "/api/profiles/14/suggestions"
    }
    [35mres[39m: {
      "statusCode": null
    }
    [35mresponseTime[39m: 22966
[18:04:01.557] [32mINFO[39m (17880): [36mrequest errored[39m
    [35mreq[39m: {
      "id": 34,
      "method": "GET",
      "url": "/api/profiles/14"
    }
    [35mres[39m: {
      "statusCode": 500
    }
    [35mresponseTime[39m: 58025
    err: {
      "type": "Error",
      "message": "failed with status code 500",
      "stack":
          Error: failed with status code 500
              at onResFinished (file:///C:/Users/Abhinaya%20Doma/OneDrive/Desktop/N-REV-main/artifacts/api-server/dist/index.mjs:28797:45)
              at ServerResponse.onResponseComplete (file:///C:/Users/Abhinaya%20Doma/OneDrive/Desktop/N-REV-main/artifacts/api-server/dist/index.mjs:28847:18)
              at ServerResponse.emit (node:events:521:24)
              at onFinish (node:_http_outgoing:1031:10)
              at callback (node:internal/streams/writable:764:21)
              at afterWrite (node:internal/streams/writable:708:5)
              at afterWriteTick (node:internal/streams/writable:694:10)
              at processTicksAndRejections (node:internal/process/task_queues:89:21)
              at runNextTicks (node:internal/process/task_queues:69:3)
              at process.processImmediate (node:internal/timers:472:9)
    }
[18:04:24.155] [32mINFO[39m (17880): [36mrequest completed[39m
    [35mreq[39m: {
      "id": 35,
      "method": "GET",
      "url": "/api/profiles/14/daily-summary"
    }
    [35mres[39m: {
      "statusCode": 200
    }
    [35mresponseTime[39m: 73684
[18:05:33.690] [32mINFO[39m (17880): [36mrequest completed[39m
    [35mreq[39m: {
      "id": 33,
      "method": "GET",
      "url": "/api/profiles/14/dashboard"
    }
    [35mres[39m: {
      "statusCode": 200
    }
    [35mresponseTime[39m: 150181
[18:06:08.196] [32mINFO[39m (17880): [36mrequest completed[39m
    [35mreq[39m: {
      "id": 36,
      "method": "GET",
      "url": "/api/profiles/14/suggestions"
    }
    [35mres[39m: {
      "statusCode": 200
    }
    [35mresponseTime[39m: 177720
[18:06:33.149] [32mINFO[39m (17880): [36mrequest completed[39m
    [35mreq[39m: {
      "id": 37,
      "method": "GET",
      "url": "/api/profiles/14/dashboard"
    }
    [35mres[39m: {
      "statusCode": 304
    }
    [35mresponseTime[39m: 24938
[18:06:49.659] [32mINFO[39m (17880): [36mrequest completed[39m
    [35mreq[39m: {
      "id": 39,
      "method": "GET",
      "url": "/api/profiles/14"
    }
    [35mres[39m: {
      "statusCode": 200
    }
    [35mresponseTime[39m: 41427
[18:07:01.038] [32mINFO[39m (17880): [36mrequest aborted[39m
    [35mreq[39m: {
      "id": 38,
      "method": "GET",
      "url": "/api/profiles/14/daily-summary"
    }
    [35mres[39m: {
      "statusCode": null
    }
    [35mresponseTime[39m: 52814
[18:08:50.153] [32mINFO[39m (17880): [36mrequest completed[39m
    [35mreq[39m: {
      "id": 41,
      "method": "GET",
      "url": "/api/profiles/14/recovery-plan"
    }
    [35mres[39m: {
      "statusCode": 200
    }
    [35mresponseTime[39m: 109010
[18:09:05.505] [32mINFO[39m (17880): [36mrequest completed[39m
    [35mreq[39m: {
      "id": 40,
      "method": "GET",
      "url": "/api/profiles/14/targets"
    }
    [35mres[39m: {
      "statusCode": 200
    }
    [35mresponseTime[39m: 124398
