(node:31688) Warning: SECURITY WARNING: The SSL modes 'prefer', 'require', and 'verify-ca' are treated as aliases for 'verify-full'.
In the next major version (pg-connection-string v3.0.0 and pg v9.0.0), these modes will adopt standard libpq semantics, which have weaker security guarantees.

To prepare for this change:
- If you want the current behavior, explicitly use 'sslmode=verify-full'
- If you want libpq compatibility now, use 'uselibpqcompat=true&sslmode=require'

See https://www.postgresql.org/docs/current/libpq-ssl.html for libpq SSL mode definitions.
(Use `node --trace-warnings ...` to show where the warning was created)
Error: Failed query: select "id", "name", "serving_size", "protein", "iron", "calcium", "vitamin_d", "magnesium", "vitamin_a", "vitamin_c", "vitamin_b7", "vitamin_e", "vitamin_k", "vitamin_b12", "vitamin_b1", "vitamin_b2", "vitamin_b3", "vitamin_b6", "diet_tags", "meal_tags", "cuisine_tags", "tier", "source" from "foods" order by "foods"."tier" asc, "foods"."name" asc limit $1
params: 500
    at NodePgPreparedQuery.queryWithCache (file:///C:/Users/Abhinaya%20Doma/OneDrive/Desktop/N-REV-main/artifacts/api-server/dist/index.mjs:78310:15)
    at process.processTicksAndRejections (node:internal/process/task_queues:104:5)
    at async file:///C:/Users/Abhinaya%20Doma/OneDrive/Desktop/N-REV-main/artifacts/api-server/dist/index.mjs:78543:23
    at async file:///C:/Users/Abhinaya%20Doma/OneDrive/Desktop/N-REV-main/artifacts/api-server/dist/index.mjs:91126:16
================================================================================
[Backend] UNHANDLED EXCEPTION in POST /api/profiles
[Backend] Message: Failed query: select "id", "name", "serving_size", "protein", "iron", "calcium", "vitamin_d", "magnesium", "vitamin_a", "vitamin_c", "vitamin_b7", "vitamin_e", "vitamin_k", "vitamin_b12", "vitamin_b1", "vitamin_b2", "vitamin_b3", "vitamin_b6", "diet_tags", "meal_tags", "cuisine_tags", "tier", "source" from "foods"
params: 
[Backend] Stack trace: Error: Failed query: select "id", "name", "serving_size", "protein", "iron", "calcium", "vitamin_d", "magnesium", "vitamin_a", "vitamin_c", "vitamin_b7", "vitamin_e", "vitamin_k", "vitamin_b12", "vitamin_b1", "vitamin_b2", "vitamin_b3", "vitamin_b6", "diet_tags", "meal_tags", "cuisine_tags", "tier", "source" from "foods"
params: 
    at NodePgPreparedQuery.queryWithCache (file:///C:/Users/Abhinaya%20Doma/OneDrive/Desktop/N-REV-main/artifacts/api-server/dist/index.mjs:78310:15)
    at process.processTicksAndRejections (node:internal/process/task_queues:104:5)
    at async file:///C:/Users/Abhinaya%20Doma/OneDrive/Desktop/N-REV-main/artifacts/api-server/dist/index.mjs:78543:23
    at async getAllFoodsForRecommendations (file:///C:/Users/Abhinaya%20Doma/OneDrive/Desktop/N-REV-main/artifacts/api-server/dist/index.mjs:90726:15)
    at async loadFoods (file:///C:/Users/Abhinaya%20Doma/OneDrive/Desktop/N-REV-main/artifacts/api-server/dist/index.mjs:90768:10)
    at async file:///C:/Users/Abhinaya%20Doma/OneDrive/Desktop/N-REV-main/artifacts/api-server/dist/index.mjs:90856:19
[Backend] Name: Error
[Backend] Failing line: params:
================================================================================
