$ pnpm run typecheck && pnpm -r --if-present run build
$ pnpm run typecheck:libs && pnpm -r --filter "./artifacts/**" --filter "./scripts" --if-present run typecheck
$ tsc --build
Scope: 4 of 9 workspace projects
artifacts/api-server typecheck$ tsc -p tsconfig.json --noEmit
artifacts/nutrirecover typecheck$ tsc -p tsconfig.json --noEmit
scripts typecheck$ tsc -p tsconfig.json --noEmit
artifacts/mockup-sandbox typecheck$ tsc -p tsconfig.json --noEmit
scripts typecheck: Done
artifacts/api-server typecheck: Done
artifacts/nutrirecover typecheck: Done
artifacts/mockup-sandbox typecheck: Done
Scope: 8 of 9 workspace projects
artifacts/mockup-sandbox build$ vite build
artifacts/mockup-sandbox build: [31mfailed to load config from C:\Users\Abhinaya Doma\OneDrive\Desktop\N-REV-main\artifacts\mockup-sandbox\vite.config.ts[39m
artifacts/mockup-sandbox build: [31merror during build:
artifacts/mockup-sandbox build: Error: PORT environment variable is required but was not provided.
artifacts/mockup-sandbox build:     at file:///C:/Users/Abhinaya%20Doma/OneDrive/Desktop/N-REV-main/artifacts/mockup-sandbox/node_modules/.vite-temp/vite.config.ts.timestamp-1786364332347-e4555ffe0883b8.mjs:145:9
artifacts/mockup-sandbox build:     at ModuleJob.run (node:internal/modules/esm/module_job:439:25)
artifacts/mockup-sandbox build:     at async node:internal/modules/esm/loader:643:26
artifacts/mockup-sandbox build:     at async loadConfigFromBundledFile (file:///C:/Users/Abhinaya%20Doma/OneDrive/Desktop/N-REV-main/node_modules/.pnpm/vite@7.3.5_@types+node@25.9_9fd212c37a75cb66ba3e15514cba1f93/node_modules/vite/dist/node/chunks/config.js:35996:12)
artifacts/mockup-sandbox build:     at async bundleAndLoadConfigFile (file:///C:/Users/Abhinaya%20Doma/OneDrive/Desktop/N-REV-main/node_modules/.pnpm/vite@7.3.5_@types+node@25.9_9fd212c37a75cb66ba3e15514cba1f93/node_modules/vite/dist/node/chunks/config.js:35884:17)
artifacts/mockup-sandbox build:     at async loadConfigFromFile (file:///C:/Users/Abhinaya%20Doma/OneDrive/Desktop/N-REV-main/node_modules/.pnpm/vite@7.3.5_@types+node@25.9_9fd212c37a75cb66ba3e15514cba1f93/node_modules/vite/dist/node/chunks/config.js:35851:42)
artifacts/mockup-sandbox build:     at async resolveConfig (file:///C:/Users/Abhinaya%20Doma/OneDrive/Desktop/N-REV-main/node_modules/.pnpm/vite@7.3.5_@types+node@25.9_9fd212c37a75cb66ba3e15514cba1f93/node_modules/vite/dist/node/chunks/config.js:35500:22)
artifacts/mockup-sandbox build:     at async createBuilder (file:///C:/Users/Abhinaya%20Doma/OneDrive/Desktop/N-REV-main/node_modules/.pnpm/vite@7.3.5_@types+node@25.9_9fd212c37a75cb66ba3e15514cba1f93/node_modules/vite/dist/node/chunks/config.js:33955:19)
artifacts/mockup-sandbox build:     at async CAC.<anonymous> (file:///C:/Users/Abhinaya%20Doma/OneDrive/Desktop/N-REV-main/node_modules/.pnpm/vite@7.3.5_@types+node@25.9_9fd212c37a75cb66ba3e15514cba1f93/node_modules/vite/dist/node/cli.js:629:10)[39m
artifacts/mockup-sandbox build: Failed
C:\Users\Abhinaya Doma\OneDrive\Desktop\N-REV-main\artifacts\mockup-sandbox:
[ERR_PNPM_RECURSIVE_RUN_FIRST_FAIL] @workspace/mockup-sandbox@2.0.0 build: `vite build`
Exit status 1
[ELIFECYCLE] Command failed with exit code 1.
